Microchip MPLAB XC8 Compiler V1.33 ()

Linker command line:

--edf=D:\Program Files (x86)\Microchip\xc8\v1.33\dat\en_msgs.txt -cs \
  -h+dist/default/production\Testlancement.X.production.sym \
  --cmf=dist/default/production\Testlancement.X.production.cmf -z \
  -Q18F26K22 -oC:\Users\ADMINI~1\AppData\Local\Temp\s4r0.6 \
  -Mdist/default/production/Testlancement.X.production.map -E1 -ver=XC8 \
  -ASTACK=0A8h-09ffh -pstack=STACK -ACODE=00h-0FFFFh -ACONST=00h-0FFFFh \
  -ASMALLCONST=01000h-010FFhx240 -AMEDIUMCONST=01000h-0FFFFh \
  -ACOMRAM=01h-05Fh -AABS1=00h-0F37h -ABIGRAM=01h-0F37h \
  -ARAM=060h-0FFh,0100h-01FFhx14,0F00h-0F37h -ABANK0=060h-0FFh \
  -ABANK1=0100h-01FFh -ABANK2=0200h-02FFh -ABANK3=0300h-03FFh \
  -ABANK4=0400h-04FFh -ABANK5=0500h-05FFh -ABANK6=0600h-06FFh \
  -ABANK7=0700h-07FFh -ABANK8=0800h-08FFh -ABANK9=0900h-09FFh \
  -ABANK10=0A00h-0AFFh -ABANK11=0B00h-0BFFh -ABANK12=0C00h-0CFFh \
  -ABANK13=0D00h-0DFFh -ABANK14=0E00h-0EFFh -ABANK15=0F00h-0F37h \
  -ASFR=0F38h-0F5Fh,0F60h-0FFFh \
  -preset_vec=00h,intcode=08h,intcodelo,powerup,init,end_init \
  -pramtop=01000h -psmallconst=SMALLCONST -pmediumconst=MEDIUMCONST \
  -pconst=CONST -AFARRAM=00h-00h -ACONFIG=0300000h-030000Dh -pconfig=CONFIG \
  -AIDLOC=0200000h-0200007h -pidloc=IDLOC -AEEDATA=0F00000h-0F003FFh \
  -peeprom_data=EEDATA \
  -prdata=COMRAM,nvrram=COMRAM,nvbit=COMRAM,rbss=COMRAM,rbit=COMRAM \
  -pfarbss=FARRAM,fardata=FARRAM,nvFARRAM=FARRAM \
  -pintsave_regs=BIGRAM,bigbss=BIGRAM,bigdata=BIGRAM -pbss=RAM \
  -pidata=CODE,irdata=CODE,ibigdata=CODE,ifardata=CODE \
  C:\Users\ADMINI~1\AppData\Local\Temp\s4r0.obj \
  dist/default/production\Testlancement.X.production.obj 

Object code version is 3.11

Machine type is 18F26K22

Call graph: (short form)




                Name                               Link     Load   Length Selector   Space Scale
C:\Users\ADMINI~1\AppData\Local\Temp\s4r0.obj
                end_init                             B6       B6        4        4       0
                reset_vec                             0        0        4        0       0
                idloc                            200000   200000        8   200000       0
                config                           300000   300000        E   300000       0
dist/default/production\Testlancement.X.production.obj
                intcode                               8        8       AE        4       0
                mediumconst                        FED8     FED8      128     7F6C       0
                text38                             1096     1096        C        4       0
                text37                              DF2      DF2       42        4       0
                text35                              AA2      AA2       82        4       0
                text34                              B9A      B9A       66        4       0
                text33                             105A     105A       14        4       0
                text32                             10B2     10B2        8        4       0
                text31                             10AA     10AA        8        4       0
                text30                             102C     102C       18        4       0
                text29                             108A     108A        C        4       0
                text28                              F78      F78       2A        4       0
                text27                               BA       BA      25A        4       0
                text26                              F1E      F1E       30        4       0
                text25                              DB0      DB0       42        4       0
                text24                              F4E      F4E       2A        4       0
                text23                              B24      B24       76        4       0
                text22                              C5E      C5E       5E        4       0
                text21                              E74      E74       3E        4       0
                text20                              314      314      1C4        4       0
                text19                              CBC      CBC       56        4       0
                text18                              61C      61C      13A        4       0
                text17                              934      934       DA        4       0
                text16                              756      756      104        4       0
                text15                              85A      85A       DA        4       0
                text14                             1044     1044       16        4       0
                text13                             10A2     10A2        8        4       0
                text12                              D62      D62       4E        4       0
                text11                              EB2      EB2       3A        4       0
                text10                              C00      C00       5E        4       0
                text9                               A0E      A0E       94        4       0
                text8                               FCA      FCA       28        4       0
                text7                              1014     1014       18        4       0
                text6                               FA2      FA2       28        4       0
                text5                               E34      E34       40        4       0
                text4                              106E     106E       10        4       0
                text3                              107E     107E        C        4       0
                text2                               D12      D12       50        4       0
                text1                               EEC      EEC       32        4       0
                text0                               4D8      4D8      144        4       0
                cstackCOMRAM                          1        1       39        1       1
                cstackBANK0                          97       97       11       60       1
                bssBANK0                             60       60       37       60       1
                bssCOMRAM                            3A       3A        B        1       1
                cinit                               FF2      FF2       22        4       0

TOTAL           Name                               Link     Load   Length     Space
        CLASS   STACK          

        CLASS   CODE           
                end_init                             B6       B6        4         0
                intcode                               8        8       AE         0
                reset_vec                             0        0        4         0
                text38                             1096     1096        C         0
                text37                              DF2      DF2       42         0
                text35                              AA2      AA2       82         0
                text34                              B9A      B9A       66         0
                text33                             105A     105A       14         0
                text32                             10B2     10B2        8         0
                text31                             10AA     10AA        8         0
                text30                             102C     102C       18         0
                text29                             108A     108A        C         0
                text28                              F78      F78       2A         0
                text27                               BA       BA      25A         0
                text26                              F1E      F1E       30         0
                text25                              DB0      DB0       42         0
                text24                              F4E      F4E       2A         0
                text23                              B24      B24       76         0
                text22                              C5E      C5E       5E         0
                text21                              E74      E74       3E         0
                text20                              314      314      1C4         0
                text19                              CBC      CBC       56         0
                text18                              61C      61C      13A         0
                text17                              934      934       DA         0
                text16                              756      756      104         0
                text15                              85A      85A       DA         0
                text14                             1044     1044       16         0
                text13                             10A2     10A2        8         0
                text12                              D62      D62       4E         0
                text11                              EB2      EB2       3A         0
                text10                              C00      C00       5E         0
                text9                               A0E      A0E       94         0
                text8                               FCA      FCA       28         0
                text7                              1014     1014       18         0
                text6                               FA2      FA2       28         0
                text5                               E34      E34       40         0
                text4                              106E     106E       10         0
                text3                              107E     107E        C         0
                text2                               D12      D12       50         0
                text1                               EEC      EEC       32         0
                text0                               4D8      4D8      144         0
                cinit                               FF2      FF2       22         0

        CLASS   CONST          

        CLASS   SMALLCONST     

        CLASS   MEDIUMCONST    
                mediumconst                        FED8     FED8      128         0

        CLASS   COMRAM         
                cstackCOMRAM                          1        1       39         1
                bssCOMRAM                            3A       3A        B         1

        CLASS   ABS1           

        CLASS   BIGRAM         

        CLASS   RAM            

        CLASS   BANK0          
                cstackBANK0                          97       97       11         1
                bssBANK0                             60       60       37         1

        CLASS   BANK1          

        CLASS   BANK2          

        CLASS   BANK3          

        CLASS   BANK4          

        CLASS   BANK5          

        CLASS   BANK6          

        CLASS   BANK7          

        CLASS   BANK8          

        CLASS   BANK9          

        CLASS   BANK10         

        CLASS   BANK11         

        CLASS   BANK12         

        CLASS   BANK13         

        CLASS   BANK14         

        CLASS   BANK15         

        CLASS   SFR            

        CLASS   FARRAM         

        CLASS   CONFIG         
                config                           300000   300000        E         0

        CLASS   IDLOC          
                idloc                            200000   200000        8         0

        CLASS   EEDATA         



SEGMENTS        Name                           Load    Length   Top    Selector   Space  Class

                reset_vec                      000000  000004  000004         0       0  CODE    
                cstackCOMRAM                   000001  000044  000045         1       1  COMRAM  
                intcode                        000008  0010B2  0010BA         4       0  CODE    
                bssBANK0                       000060  000048  0000A8        60       1  BANK0   
                mediumconst                    00FED8  000128  010000      7F6C       0  MEDIUMCO
                idloc                          200000  000008  200008    200000       0  IDLOC   
                config                         300000  00000E  30000E    300000       0  CONFIG  


UNUSED ADDRESS RANGES

        Name                Unused          Largest block    Delta
        BANK0            0000A8-0000FF               58
        BANK1            000100-0001FF              100
        BANK10           000A00-000AFF              100
        BANK11           000B00-000BFF              100
        BANK12           000C00-000CFF              100
        BANK13           000D00-000DFF              100
        BANK14           000E00-000EFF              100
        BANK15           000F00-000F37               38
        BANK2            000200-0002FF              100
        BANK3            000300-0003FF              100
        BANK4            000400-0004FF              100
        BANK5            000500-0005FF              100
        BANK6            000600-0006FF              100
        BANK7            000700-0007FF              100
        BANK8            000800-0008FF              100
        BANK9            000900-0009FF              100
        BIGRAM           000045-00005F               1B
                         0000A8-000F37              E90
        CODE             000004-000007                4
                         0010BA-00FED7             EE1E
        COMRAM           000045-00005F               1B
        CONST            000004-000007                4
                         0010BA-00FED7             EE1E
        EEDATA           F00000-F003FF              400
        MEDIUMCONST      0010BA-00FED7             EE1E
        RAM              0000A8-000F37              100
        SFR              000F38-000FFF               28
        SMALLCONST       0010BA-00FED7              100
        STACK            0000A8-0009FF              958

                                  Symbol Table

?_VitVentkmh                 cstackCOMRAM 000028
?_VitVentms                  cstackCOMRAM 000028
?___lldiv                    cstackCOMRAM 00001A
?___llmod                    cstackCOMRAM 00001A
?___lmul                     cstackCOMRAM 00001A
AffichTemp@curs              cstackBANK0  000097
AffichTemp@temp              cstackBANK0  00009B
AffichTemp@temp1             cstackCOMRAM 000039
Affich_D_Vent@curs           cstackCOMRAM 00002A
Affich_D_Vent@tab            cstackCOMRAM 00002E
Affich_D_Vent@vent           cstackCOMRAM 000031
Affich_D_Vent@vent1          cstackCOMRAM 000030
Affich_V_Vent_kmh@curs       cstackBANK0  000097
Affich_V_Vent_kmh@tab        cstackBANK0  00009B
Affich_V_Vent_kmh@vent       cstackBANK0  0000A1
Affich_V_Vent_kmh@vent1      cstackBANK0  00009D
Affich_V_Vent_ms@curs        cstackBANK0  000097
Affich_V_Vent_ms@tab         cstackBANK0  00009B
Affich_V_Vent_ms@vent        cstackBANK0  0000A1
Affich_V_Vent_ms@vent1       cstackBANK0  00009D
DS1621_init@TH               cstackCOMRAM 00001B
DS1621_init@TL               cstackCOMRAM 00001C
DS1621_init@data             cstackCOMRAM 00001D
DS1621_lire2octets@adresse   cstackCOMRAM 00001E
DS1621_lire2octets@tempH     cstackCOMRAM 00001F
DS1621_lire2octets@tempL     cstackCOMRAM 00001D
DetectVent@i                 cstackCOMRAM 00001C
DetectVent@tab               cstackCOMRAM 00001A
DirVent@tab                  cstackCOMRAM 000028
VitVentkmh@Vit               cstackCOMRAM 000030
VitVentkmh@tab               cstackCOMRAM 000028
VitVentms@Vit                cstackCOMRAM 000030
VitVentms@tab                cstackCOMRAM 000028
_ANSELA                      (abs)        000F38
_ANSELB                      (abs)        000F39
_ANSELC                      (abs)        000F3A
_AffichTemp                  text23       000B24
_Affich_D_Vent               text20       000314
_Affich_V_Vent_kmh           text17       000934
_Affich_V_Vent_ms            text15       00085A
_BAUDCON2                    (abs)        000F70
_BAUDCON2bits                (abs)        000F70
_Chk                         bssCOMRAM    00003A
_DS1621_conv                 text14       001044
_DS1621_init                 text12       000D62
_DS1621_lire2octets          text5        000E34
_DetectVent                  text2        000D12
_Dir                         bssCOMRAM    00003B
_DirVent                     text21       000E74
_Dirverif                    bssCOMRAM    00003C
_GIE                         (abs)        007F97
_INT0IE                      (abs)        007F94
_INT0IF                      (abs)        007F91
_Init                        text11       000EB2
_InitLCD                     text9        000A0E
_InitRS232                   text8        000FCA
_LATC0                       (abs)        007C58
_LATC2                       (abs)        007C5A
_MessageAccueil              text10       000C00
_OSCCON                      (abs)        000FD3
_PEIE                        (abs)        007F96
_PORTBbits                   (abs)        000F81
_PORTC                       (abs)        000F82
_PORTCbits                   (abs)        000F82
_RC2IE                       (abs)        007D1D
_RC2IF                       (abs)        007D25
_RCIF                        (abs)        007CF5
_RCREG2                      (abs)        000F74
_RCSTA2                      (abs)        000F71
_RCSTA2bits                  (abs)        000F71
_SPBRG2                      (abs)        000F75
_SPBRGH2                     (abs)        000F76
_SSP1ADD                     (abs)        000FC8
_SSP1BUF                     (abs)        000FC9
_SSP1CON1                    (abs)        000FC6
_SSP1CON2                    (abs)        000FC5
_SSP1CON2bits                (abs)        000FC5
_SSP1CON3                    (abs)        000FCB
_SSP1IF                      (abs)        007CF3
_SSP1STAT                    (abs)        000FC7
_SSPBUF                      (abs)        000FC9
_SSPIF                       (abs)        007CF3
_Start                       bssCOMRAM    00003D
_T0CON                       (abs)        000FD5
_TMR0IF                      (abs)        007F92
_TMR0L                       (abs)        000FD6
_TRISA                       (abs)        000F92
_TRISB                       (abs)        000F93
_TRISC                       (abs)        000F94
_TXREG2                      (abs)        000F73
_TXSTA2                      (abs)        000F72
_TXSTA2bits                  (abs)        000F72
_V1                          bssCOMRAM    00003E
_V11                         bssCOMRAM    00003F
_V2                          bssCOMRAM    000040
_V22                         bssCOMRAM    000041
_V3                          bssCOMRAM    000042
_V33                         bssCOMRAM    000043
_VitVentkmh                  text18       00061C
_VitVentms                   text16       000756
__CFG_BOREN$OFF              (abs)        000000
__CFG_BORV$190               (abs)        000000
__CFG_CCP2MX$PORTC1          (abs)        000000
__CFG_CCP3MX$PORTB5          (abs)        000000
__CFG_CP0$OFF                (abs)        000000
__CFG_CP1$OFF                (abs)        000000
__CFG_CP2$OFF                (abs)        000000
__CFG_CP3$OFF                (abs)        000000
__CFG_CPB$OFF                (abs)        000000
__CFG_CPD$OFF                (abs)        000000
__CFG_EBTR0$OFF              (abs)        000000
__CFG_EBTR1$OFF              (abs)        000000
__CFG_EBTR2$OFF              (abs)        000000
__CFG_EBTR3$OFF              (abs)        000000
__CFG_EBTRB$OFF              (abs)        000000
__CFG_FCMEN$OFF              (abs)        000000
__CFG_FOSC$INTIO67           (abs)        000000
__CFG_HFOFST$ON              (abs)        000000
__CFG_IESO$OFF               (abs)        000000
__CFG_LVP$ON                 (abs)        000000
__CFG_MCLRE$EXTMCLR          (abs)        000000
__CFG_P2BMX$PORTB5           (abs)        000000
__CFG_PBADEN$OFF             (abs)        000000
__CFG_PLLCFG$OFF             (abs)        000000
__CFG_PRICLKEN$ON            (abs)        000000
__CFG_PWRTEN$OFF             (abs)        000000
__CFG_STVREN$ON              (abs)        000000
__CFG_T3CMX$PORTC0           (abs)        000000
__CFG_WDTEN$OFF              (abs)        000000
__CFG_WDTPS$32768            (abs)        000000
__CFG_WRT0$OFF               (abs)        000000
__CFG_WRT1$OFF               (abs)        000000
__CFG_WRT2$OFF               (abs)        000000
__CFG_WRT3$OFF               (abs)        000000
__CFG_WRTB$OFF               (abs)        000000
__CFG_WRTC$OFF               (abs)        000000
__CFG_WRTD$OFF               (abs)        000000
__CFG_XINST$OFF              (abs)        000000
__HRAM                       (abs)        000000
__Habs1                      abs1         000000
__Hbank0                     bank0        000000
__Hbank1                     bank1        000000
__Hbank10                    bank10       000000
__Hbank11                    bank11       000000
__Hbank12                    bank12       000000
__Hbank13                    bank13       000000
__Hbank14                    bank14       000000
__Hbank15                    bank15       000000
__Hbank2                     bank2        000000
__Hbank3                     bank3        000000
__Hbank4                     bank4        000000
__Hbank5                     bank5        000000
__Hbank6                     bank6        000000
__Hbank7                     bank7        000000
__Hbank8                     bank8        000000
__Hbank9                     bank9        000000
__Hbigbss                    bigbss       000000
__Hbigdata                   bigdata      000000
__Hbigram                    bigram       000000
__Hbss                       bss          000000
__HbssBANK0                  bssBANK0     000000
__HbssCOMRAM                 bssCOMRAM    000000
__Hcinit                     cinit        000000
__Hclrtext                   clrtext      000000
__Hcomram                    comram       000000
__Hconfig                    config       30000E
__Hconst                     const        000000
__HcstackBANK0               cstackBANK0  000000
__HcstackCOMRAM              cstackCOMRAM 000000
__Hdata                      data         000000
__Heeprom_data               eeprom_data  000000
__Hend_init                  end_init     0000BA
__Hfarbss                    farbss       000000
__Hfardata                   fardata      000000
__Hibigdata                  ibigdata     000000
__Hidata                     idata        000000
__Hidloc                     idloc        200008
__Hifardata                  ifardata     000000
__Hinit                      init         0000B6
__Hintcode                   intcode      0000B6
__Hintcode_body              intcode_body 000000
__Hintcodelo                 intcodelo    0000B6
__Hintentry                  intentry     000000
__Hintret                    intret       000000
__Hintsave_regs              intsave_regs 000000
__Hirdata                    irdata       000000
__Hmediumconst               mediumconst  010000
__HnvFARRAM                  nvFARRAM     000000
__Hnvbit                     nvbit        000000
__Hnvrram                    nvrram       000000
__Hparam                     rparam       000000
__Hpowerup                   powerup      0000B6
__Hram                       ram          000000
__Hramtop                    ramtop       001000
__Hrbit                      rbit         000000
__Hrbss                      rbss         000000
__Hrdata                     rdata        000000
__Hreset_vec                 reset_vec    000004
__Hrparam                    rparam       000000
__Hsfr                       sfr          000000
__Hsmallconst                smallconst   000000
__Hspace_0                   (abs)        30000E
__Hspace_1                   (abs)        0000A8
__Hspace_2                   (abs)        000000
__Hstack                     stack        000000
__Hstruct                    struct       000000
__Htemp                      temp         000000
__Htext                      text         000000
__Htext0                     text0        000000
__Htext1                     text1        000000
__Htext10                    text10       000000
__Htext11                    text11       000000
__Htext12                    text12       000000
__Htext13                    text13       000000
__Htext14                    text14       000000
__Htext15                    text15       000000
__Htext16                    text16       000000
__Htext17                    text17       000000
__Htext18                    text18       000000
__Htext19                    text19       000000
__Htext2                     text2        000000
__Htext20                    text20       000000
__Htext21                    text21       000000
__Htext22                    text22       000000
__Htext23                    text23       000000
__Htext24                    text24       000000
__Htext25                    text25       000000
__Htext26                    text26       000000
__Htext27                    text27       000000
__Htext28                    text28       000000
__Htext29                    text29       000000
__Htext3                     text3        000000
__Htext30                    text30       000000
__Htext31                    text31       000000
__Htext32                    text32       000000
__Htext33                    text33       000000
__Htext34                    text34       000000
__Htext35                    text35       000000
__Htext37                    text37       000000
__Htext38                    text38       000000
__Htext4                     text4        000000
__Htext5                     text5        000000
__Htext6                     text6        000000
__Htext7                     text7        000000
__Htext8                     text8        000000
__Htext9                     text9        000000
__LRAM                       (abs)        000001
__Labs1                      abs1         000000
__Lbank0                     bank0        000000
__Lbank1                     bank1        000000
__Lbank10                    bank10       000000
__Lbank11                    bank11       000000
__Lbank12                    bank12       000000
__Lbank13                    bank13       000000
__Lbank14                    bank14       000000
__Lbank15                    bank15       000000
__Lbank2                     bank2        000000
__Lbank3                     bank3        000000
__Lbank4                     bank4        000000
__Lbank5                     bank5        000000
__Lbank6                     bank6        000000
__Lbank7                     bank7        000000
__Lbank8                     bank8        000000
__Lbank9                     bank9        000000
__Lbigbss                    bigbss       000000
__Lbigdata                   bigdata      000000
__Lbigram                    bigram       000000
__Lbss                       bss          000000
__LbssBANK0                  bssBANK0     000000
__LbssCOMRAM                 bssCOMRAM    000000
__Lcinit                     cinit        000000
__Lclrtext                   clrtext      000000
__Lcomram                    comram       000000
__Lconfig                    config       300000
__Lconst                     const        000000
__LcstackBANK0               cstackBANK0  000000
__LcstackCOMRAM              cstackCOMRAM 000000
__Ldata                      data         000000
__Leeprom_data               eeprom_data  000000
__Lend_init                  end_init     0000B6
__Lfarbss                    farbss       000000
__Lfardata                   fardata      000000
__Libigdata                  ibigdata     000000
__Lidata                     idata        000000
__Lidloc                     idloc        200000
__Lifardata                  ifardata     000000
__Linit                      init         0000B6
__Lintcode                   intcode      000008
__Lintcode_body              intcode_body 000000
__Lintcodelo                 intcodelo    0000B6
__Lintentry                  intentry     000000
__Lintret                    intret       000000
__Lintsave_regs              intsave_regs 000000
__Lirdata                    irdata       000000
__Lmediumconst               mediumconst  00FED8
__LnvFARRAM                  nvFARRAM     000000
__Lnvbit                     nvbit        000000
__Lnvrram                    nvrram       000000
__Lparam                     rparam       000000
__Lpowerup                   powerup      0000B6
__Lram                       ram          000000
__Lramtop                    ramtop       001000
__Lrbit                      rbit         000000
__Lrbss                      rbss         000000
__Lrdata                     rdata        000000
__Lreset_vec                 reset_vec    000000
__Lrparam                    rparam       000000
__Lsfr                       sfr          000000
__Lsmallconst                smallconst   000000
__Lspace_0                   (abs)        000000
__Lspace_1                   (abs)        000000
__Lspace_2                   (abs)        000000
__Lstack                     stack        000000
__Lstruct                    struct       000000
__Ltemp                      temp         000000
__Ltext                      text         000000
__Ltext0                     text0        000000
__Ltext1                     text1        000000
__Ltext10                    text10       000000
__Ltext11                    text11       000000
__Ltext12                    text12       000000
__Ltext13                    text13       000000
__Ltext14                    text14       000000
__Ltext15                    text15       000000
__Ltext16                    text16       000000
__Ltext17                    text17       000000
__Ltext18                    text18       000000
__Ltext19                    text19       000000
__Ltext2                     text2        000000
__Ltext20                    text20       000000
__Ltext21                    text21       000000
__Ltext22                    text22       000000
__Ltext23                    text23       000000
__Ltext24                    text24       000000
__Ltext25                    text25       000000
__Ltext26                    text26       000000
__Ltext27                    text27       000000
__Ltext28                    text28       000000
__Ltext29                    text29       000000
__Ltext3                     text3        000000
__Ltext30                    text30       000000
__Ltext31                    text31       000000
__Ltext32                    text32       000000
__Ltext33                    text33       000000
__Ltext34                    text34       000000
__Ltext35                    text35       000000
__Ltext37                    text37       000000
__Ltext38                    text38       000000
__Ltext4                     text4        000000
__Ltext5                     text5        000000
__Ltext6                     text6        000000
__Ltext7                     text7        000000
__Ltext8                     text8        000000
__Ltext9                     text9        000000
__S0                         (abs)        30000E
__S1                         (abs)        0000A8
__S2                         (abs)        000000
___inthi_sp                  stack        000000
___intlo_sp                  stack        000000
___lldiv                     text35       000AA2
___lldiv@counter             cstackCOMRAM 000026
___lldiv@dividend            cstackCOMRAM 00001A
___lldiv@divisor             cstackCOMRAM 00001E
___lldiv@quotient            cstackCOMRAM 000022
___llmod                     text34       000B9A
___llmod@counter             cstackCOMRAM 000022
___llmod@dividend            cstackCOMRAM 00001A
___llmod@divisor             cstackCOMRAM 00001E
___lmul                      text19       000CBC
___lmul@multiplicand         cstackCOMRAM 00001E
___lmul@multiplier           cstackCOMRAM 00001A
___lmul@product              cstackCOMRAM 000022
___sp                        stack        000000
__accesstop                  (abs)        000060
__activetblptr               (abs)        000002
__end_of_AffichTemp          text23       000B9A
__end_of_Affich_D_Vent       text20       0004D8
__end_of_Affich_V_Vent_kmh   text17       000A0E
__end_of_Affich_V_Vent_ms    text15       000934
__end_of_DS1621_conv         text14       00105A
__end_of_DS1621_init         text12       000DB0
__end_of_DS1621_lire2octets  text5        000E74
__end_of_DetectVent          text2        000D62
__end_of_DirVent             text21       000EB2
__end_of_Init                text11       000EEC
__end_of_InitLCD             text9        000AA2
__end_of_InitRS232           text8        000FF2
__end_of_MessageAccueil      text10       000C5E
__end_of_VitVentkmh          text18       000756
__end_of_VitVentms           text16       00085A
__end_of___lldiv             text35       000B24
__end_of___llmod             text34       000C00
__end_of___lmul              text19       000D12
__end_of__initialization     cinit        00100A
__end_of__stringdata         mediumconst  00FFFE
__end_of_affmotdec           text27       000314
__end_of_afftext             text26       000F4E
__end_of_i2c_1trame          text30       001044
__end_of_i2c_ecrire          text33       00106E
__end_of_i2c_init            text7        00102C
__end_of_i2c_lire            text6        000FCA
__end_of_i2c_restart         text13       0010AA
__end_of_i2c_start           text32       0010BA
__end_of_i2c_stop            text31       0010B2
__end_of_main                text0        00061C
__end_of_rafraich            text1        000F1E
__end_of_tc_int              intcode      0000B6
__end_of_tempo_1ms           text29       001096
__end_of_tempo_1ms200us      text4        00107E
__end_of_tempo_200us         text3        00108A
__end_of_tempo_Xms           text25       000DF2
__end_of_traitementVent      text22       000CBC
__end_of_valcaract           text28       000FA2
__end_of_valinstr            text24       000F78
__end_ofi2_tempo_1ms         text38       0010A2
__end_ofi2_tempo_Xms         text37       000E34
__initialization             cinit        000FF2
__mediumconst                mediumconst  00FED8
__pbssBANK0                  bssBANK0     000060
__pbssCOMRAM                 bssCOMRAM    00003A
__pcinit                     cinit        000FF2
__pcstackBANK0               cstackBANK0  000097
__pcstackCOMRAM              cstackCOMRAM 000001
__pintcode                   intcode      000008
__pmediumconst               mediumconst  00FED8
__ptext0                     text0        0004D8
__ptext1                     text1        000EEC
__ptext10                    text10       000C00
__ptext11                    text11       000EB2
__ptext12                    text12       000D62
__ptext13                    text13       0010A2
__ptext14                    text14       001044
__ptext15                    text15       00085A
__ptext16                    text16       000756
__ptext17                    text17       000934
__ptext18                    text18       00061C
__ptext19                    text19       000CBC
__ptext2                     text2        000D12
__ptext20                    text20       000314
__ptext21                    text21       000E74
__ptext22                    text22       000C5E
__ptext23                    text23       000B24
__ptext24                    text24       000F4E
__ptext25                    text25       000DB0
__ptext26                    text26       000F1E
__ptext27                    text27       0000BA
__ptext28                    text28       000F78
__ptext29                    text29       00108A
__ptext3                     text3        00107E
__ptext30                    text30       00102C
__ptext31                    text31       0010AA
__ptext32                    text32       0010B2
__ptext33                    text33       00105A
__ptext34                    text34       000B9A
__ptext35                    text35       000AA2
__ptext37                    text37       000DF2
__ptext38                    text38       001096
__ptext4                     text4        00106E
__ptext5                     text5        000E34
__ptext6                     text6        000FA2
__ptext7                     text7        001014
__ptext8                     text8        000FCA
__ptext9                     text9        000A0E
__ramtop                     ramtop       001000
__size_of_AffichTemp         (abs)        000000
__size_of_Affich_D_Vent      (abs)        000000
__size_of_Affich_V_Vent_kmh  (abs)        000000
__size_of_Affich_V_Vent_ms   (abs)        000000
__size_of_DS1621_conv        (abs)        000000
__size_of_DS1621_init        (abs)        000000
__size_of_DS1621_lire2octets (abs)        000000
__size_of_DetectVent         (abs)        000000
__size_of_DirVent            (abs)        000000
__size_of_Init               (abs)        000000
__size_of_InitLCD            (abs)        000000
__size_of_InitRS232          (abs)        000000
__size_of_MessageAccueil     (abs)        000000
__size_of_VitVentkmh         (abs)        000000
__size_of_VitVentms          (abs)        000000
__size_of___lldiv            (abs)        000000
__size_of___llmod            (abs)        000000
__size_of___lmul             (abs)        000000
__size_of_affmotdec          (abs)        000000
__size_of_afftext            (abs)        000000
__size_of_i2c_1trame         (abs)        000000
__size_of_i2c_ecrire         (abs)        000000
__size_of_i2c_init           (abs)        000000
__size_of_i2c_lire           (abs)        000000
__size_of_i2c_restart        (abs)        000000
__size_of_i2c_start          (abs)        000000
__size_of_i2c_stop           (abs)        000000
__size_of_main               (abs)        000000
__size_of_rafraich           (abs)        000000
__size_of_tc_int             (abs)        000000
__size_of_tempo_1ms          (abs)        000000
__size_of_tempo_1ms200us     (abs)        000000
__size_of_tempo_200us        (abs)        000000
__size_of_tempo_Xms          (abs)        000000
__size_of_traitementVent     (abs)        000000
__size_of_valcaract          (abs)        000000
__size_of_valinstr           (abs)        000000
__size_ofi2_tempo_1ms        (abs)        000000
__size_ofi2_tempo_Xms        (abs)        000000
__smallconst                 smallconst   000000
__stringdata                 mediumconst  00FED9
_affmotdec                   text27       0000BA
_afftext                     text26       000F1E
_bouton                      bssCOMRAM    000044
_curs                        bssBANK0     000060
_i2c_1trame                  text30       00102C
_i2c_ecrire                  text33       00105A
_i2c_init                    text7        001014
_i2c_lire                    text6        000FA2
_i2c_restart                 text13       0010A2
_i2c_start                   text32       0010B2
_i2c_stop                    text31       0010AA
_inter                       bssBANK0     000064
_main                        text0        0004D8
_rafraich                    text1        000EEC
_tab                         bssBANK0     000065
_tc_int                      intcode      000008
_tempo_1ms                   text29       00108A
_tempo_1ms200us              text4        00106E
_tempo_200us                 text3        00107E
_tempo_Xms                   text25       000DB0
_traitementVent              text22       000C5E
_valcaract                   text28       000F78
_valinstr                    text24       000F4E
affmotdec@cent               cstackCOMRAM 000032
affmotdec@coma               cstackCOMRAM 00002B
affmotdec@data               cstackCOMRAM 000027
affmotdec@dixmille           cstackCOMRAM 000034
affmotdec@diz                cstackCOMRAM 000031
affmotdec@mille              cstackCOMRAM 000033
affmotdec@temp               cstackCOMRAM 000035
affmotdec@unit               cstackCOMRAM 000030
afftext@ptext                cstackCOMRAM 00001E
end_of_initialization        cinit        00100A
i2_tempo_1ms                 text38       001096
i2_tempo_Xms                 text37       000DF2
i2c_1trame@i2c_add           cstackCOMRAM 00001C
i2c_1trame@i2c_octet         cstackCOMRAM 00001B
i2c_ecrire@i2c_octet         cstackCOMRAM 00001A
i2c_lire@ack                 cstackCOMRAM 00001A
i2c_lire@octetlu             cstackCOMRAM 00001C
i2tempo_Xms@i                cstackCOMRAM 00000A
i2tempo_Xms@time             cstackCOMRAM 000001
intlevel0                    text         000000
intlevel1                    text         000000
intlevel2                    text         000000
intlevel3                    text         000000
main@TH                      cstackBANK0  0000A5
main@TL                      cstackBANK0  0000A6
main@temp                    cstackBANK0  0000A7
rafraich@temp                cstackCOMRAM 000020
stackhi                      (abs)        0009FF
stacklo                      (abs)        0000A8
start                        init         0000B6
start_initialization         cinit        000FF2
tempo_Xms@i                  cstackCOMRAM 000023
tempo_Xms@time               cstackCOMRAM 00001A
traitementVent@Inv           cstackCOMRAM 00001D
traitementVent@data          cstackCOMRAM 000027
traitementVent@i             cstackCOMRAM 000023
traitementVent@tab           cstackCOMRAM 00001B
traitementVent@x             cstackCOMRAM 000022
traitementVent@y             cstackCOMRAM 00001A
valcaract@data               cstackCOMRAM 00001D
valinstr@data                cstackCOMRAM 00001D


FUNCTION INFORMATION:

 *************** function _main *****************
 Defined at:
		line 68 in file "tst_mplabx.c"
 Parameters:    Size  Location     Type
		None
 Auto vars:     Size  Location     Type
  temp            1   16[BANK0 ] unsigned char 
  TL              1   15[BANK0 ] unsigned char 
  TH              1   14[BANK0 ] unsigned char 
 Return value:  Size  Location     Type
		None               void
 Registers used:
		wreg, fsr2l, fsr2h, status,2, status,0, tblptrl, tblptrh, tblptru, cstack
 Tracked objects:
		On entry : 
		On exit  : 
		Unchanged: 
 Data sizes:     COMRAM   BANK0   BANK1   BANK2   BANK3   BANK4   BANK5   BANK6   BANK7   BANK8   BANK9  BANK10  BANK11  BANK12  BANK13  BANK14  BANK15
      Params:         0       0       0       0       0       0       0       0       0       0       0       0       0       0       0       0       0
      Locals:         0       3       0       0       0       0       0       0       0       0       0       0       0       0       0       0       0
      Temps:          0       0       0       0       0       0       0       0       0       0       0       0       0       0       0       0       0
      Totals:         0       3       0       0       0       0       0       0       0       0       0       0       0       0       0       0       0
Total ram usage:        3 bytes
 Hardware stack levels required when called:    9
 This function calls:
		_AffichTemp
		_Affich_D_Vent
		_Affich_V_Vent_kmh
		_Affich_V_Vent_ms
		_DS1621_init
		_DS1621_lire2octets
		_DetectVent
		_Init
		_InitLCD
		_InitRS232
		_afftext
		_i2c_init
		_rafraich
		_tempo_Xms
		_valinstr
 This function is called by:
		Startup code after reset
 This function uses a non-reentrant model


 *************** function _rafraich *****************
 Defined at:
		line 160 in file "tst_mplabx.c"
 Parameters:    Size  Location     Type
		None
 Auto vars:     Size  Location     Type
  temp            1   31[COMRAM] unsigned char 
 Return value:  Size  Location     Type
                  1    wreg      unsigned char 
 Registers used:
		wreg, fsr2l, fsr2h, status,2, status,0, cstack
 Tracked objects:
		On entry : 
		On exit  : 
		Unchanged: 
 Data sizes:     COMRAM   BANK0   BANK1   BANK2   BANK3   BANK4   BANK5   BANK6   BANK7   BANK8   BANK9  BANK10  BANK11  BANK12  BANK13  BANK14  BANK15
      Params:         0       0       0       0       0       0       0       0       0       0       0       0       0       0       0       0       0
      Locals:         1       0       0       0       0       0       0       0       0       0       0       0       0       0       0       0       0
      Temps:          0       0       0       0       0       0       0       0       0       0       0       0       0       0       0       0       0
      Totals:         1       0       0       0       0       0       0       0       0       0       0       0       0       0       0       0       0
Total ram usage:        1 bytes
 Hardware stack levels used:    1
 Hardware stack levels required when called:    6
 This function calls:
		_DS1621_lire2octets
		_DetectVent
 This function is called by:
		_main
 This function uses a non-reentrant model


 *************** function _DetectVent *****************
 Defined at:
		line 37 in file "TX20.h"
 Parameters:    Size  Location     Type
  tab             2   25[COMRAM] PTR unsigned char 
		 -> tab(50), 
 Auto vars:     Size  Location     Type
  i               2   27[COMRAM] int 
 Return value:  Size  Location     Type
		None               void
 Registers used:
		wreg, fsr2l, fsr2h, status,2, status,0, cstack
 Tracked objects:
		On entry : 
		On exit  : 
		Unchanged: 
 Data sizes:     COMRAM   BANK0   BANK1   BANK2   BANK3   BANK4   BANK5   BANK6   BANK7   BANK8   BANK9  BANK10  BANK11  BANK12  BANK13  BANK14  BANK15
      Params:         2       0       0       0       0       0       0       0       0       0       0       0       0       0       0       0       0
      Locals:         2       0       0       0       0       0       0       0       0       0       0       0       0       0       0       0       0
      Temps:          0       0       0       0       0       0       0       0       0       0       0       0       0       0       0       0       0
      Totals:         4       0       0       0       0       0       0       0       0       0       0       0       0       0       0       0       0
Total ram usage:        4 bytes
 Hardware stack levels used:    1
 Hardware stack levels required when called:    5
 This function calls:
		_tempo_1ms200us
		_tempo_200us
 This function is called by:
		_main
		_rafraich
 This function uses a non-reentrant model


 *************** function _tempo_200us *****************
 Defined at:
		line 203 in file "tst_mplabx.c"
 Parameters:    Size  Location     Type
		None
 Auto vars:     Size  Location     Type
		None
 Return value:  Size  Location     Type
		None               void
 Registers used:
		wreg, status,2
 Tracked objects:
		On entry : 
		On exit  : 
		Unchanged: 
 Data sizes:     COMRAM   BANK0   BANK1   BANK2   BANK3   BANK4   BANK5   BANK6   BANK7   BANK8   BANK9  BANK10  BANK11  BANK12  BANK13  BANK14  BANK15
      Params:         0       0       0       0       0       0       0       0       0       0       0       0       0       0       0       0       0
      Locals:         0       0       0       0       0       0       0       0       0       0       0       0       0       0       0       0       0
      Temps:          0       0       0       0       0       0       0       0       0       0       0       0       0       0       0       0       0
      Totals:         0       0       0       0       0       0       0       0       0       0       0       0       0       0       0       0       0
Total ram usage:        0 bytes
 Hardware stack levels used:    1
 Hardware stack levels required when called:    3
 This function calls:
		Nothing
 This function is called by:
		_DetectVent
 This function uses a non-reentrant model


 *************** function _tempo_1ms200us *****************
 Defined at:
		line 193 in file "tst_mplabx.c"
 Parameters:    Size  Location     Type
		None
 Auto vars:     Size  Location     Type
		None
 Return value:  Size  Location     Type
		None               void
 Registers used:
		wreg, status,2, cstack
 Tracked objects:
		On entry : 
		On exit  : 
		Unchanged: 
 Data sizes:     COMRAM   BANK0   BANK1   BANK2   BANK3   BANK4   BANK5   BANK6   BANK7   BANK8   BANK9  BANK10  BANK11  BANK12  BANK13  BANK14  BANK15
      Params:         0       0       0       0       0       0       0       0       0       0       0       0       0       0       0       0       0
      Locals:         0       0       0       0       0       0       0       0       0       0       0       0       0       0       0       0       0
      Temps:          0       0       0       0       0       0       0       0       0       0       0       0       0       0       0       0       0
      Totals:         0       0       0       0       0       0       0       0       0       0       0       0       0       0       0       0       0
Total ram usage:        0 bytes
 Hardware stack levels used:    1
 Hardware stack levels required when called:    4
 This function calls:
		_tempo_1ms
 This function is called by:
		_DetectVent
 This function uses a non-reentrant model


 *************** function _DS1621_lire2octets *****************
 Defined at:
		line 52 in file "DS1621_Commands.c"
 Parameters:    Size  Location     Type
  adresse         1    wreg     unsigned char 
 Auto vars:     Size  Location     Type
  adresse         1   29[COMRAM] unsigned char 
  tempH           1   30[COMRAM] unsigned char 
  tempL           1   28[COMRAM] unsigned char 
 Return value:  Size  Location     Type
                  1    wreg      unsigned char 
 Registers used:
		wreg, status,2, status,0, cstack
 Tracked objects:
		On entry : 
		On exit  : 
		Unchanged: 
 Data sizes:     COMRAM   BANK0   BANK1   BANK2   BANK3   BANK4   BANK5   BANK6   BANK7   BANK8   BANK9  BANK10  BANK11  BANK12  BANK13  BANK14  BANK15
      Params:         0       0       0       0       0       0       0       0       0       0       0       0       0       0       0       0       0
      Locals:         3       0       0       0       0       0       0       0       0       0       0       0       0       0       0       0       0
      Temps:          0       0       0       0       0       0       0       0       0       0       0       0       0       0       0       0       0
      Totals:         3       0       0       0       0       0       0       0       0       0       0       0       0       0       0       0       0
Total ram usage:        3 bytes
 Hardware stack levels used:    1
 Hardware stack levels required when called:    4
 This function calls:
		_i2c_ecrire
		_i2c_lire
		_i2c_restart
		_i2c_start
		_i2c_stop
 This function is called by:
		_main
		_rafraich
 This function uses a non-reentrant model


 *************** function _i2c_lire *****************
 Defined at:
		line 105 in file "I2C.h"
 Parameters:    Size  Location     Type
  ack             2   25[COMRAM] int 
 Auto vars:     Size  Location     Type
  octetlu         1   27[COMRAM] unsigned char 
 Return value:  Size  Location     Type
                  1    wreg      unsigned char 
 Registers used:
		wreg, status,2, status,0
 Tracked objects:
		On entry : 
		On exit  : 
		Unchanged: 
 Data sizes:     COMRAM   BANK0   BANK1   BANK2   BANK3   BANK4   BANK5   BANK6   BANK7   BANK8   BANK9  BANK10  BANK11  BANK12  BANK13  BANK14  BANK15
      Params:         2       0       0       0       0       0       0       0       0       0       0       0       0       0       0       0       0
      Locals:         1       0       0       0       0       0       0       0       0       0       0       0       0       0       0       0       0
      Temps:          0       0       0       0       0       0       0       0       0       0       0       0       0       0       0       0       0
      Totals:         3       0       0       0       0       0       0       0       0       0       0       0       0       0       0       0       0
Total ram usage:        3 bytes
 Hardware stack levels used:    1
 Hardware stack levels required when called:    3
 This function calls:
		Nothing
 This function is called by:
		_DS1621_lire2octets
		_DS1621_lire1octets
 This function uses a non-reentrant model


 *************** function _i2c_init *****************
 Defined at:
		line 44 in file "I2C.h"
 Parameters:    Size  Location     Type
		None
 Auto vars:     Size  Location     Type
		None
 Return value:  Size  Location     Type
		None               void
 Registers used:
		wreg, status,2
 Tracked objects:
		On entry : 
		On exit  : 
		Unchanged: 
 Data sizes:     COMRAM   BANK0   BANK1   BANK2   BANK3   BANK4   BANK5   BANK6   BANK7   BANK8   BANK9  BANK10  BANK11  BANK12  BANK13  BANK14  BANK15
      Params:         0       0       0       0       0       0       0       0       0       0       0       0       0       0       0       0       0
      Locals:         0       0       0       0       0       0       0       0       0       0       0       0       0       0       0       0       0
      Temps:          0       0       0       0       0       0       0       0       0       0       0       0       0       0       0       0       0
      Totals:         0       0       0       0       0       0       0       0       0       0       0       0       0       0       0       0       0
Total ram usage:        0 bytes
 Hardware stack levels used:    1
 Hardware stack levels required when called:    3
 This function calls:
		Nothing
 This function is called by:
		_main
 This function uses a non-reentrant model


 *************** function _InitRS232 *****************
 Defined at:
		line 57 in file "RS232.h"
 Parameters:    Size  Location     Type
		None
 Auto vars:     Size  Location     Type
		None
 Return value:  Size  Location     Type
		None               void
 Registers used:
		wreg, status,2
 Tracked objects:
		On entry : 
		On exit  : 
		Unchanged: 
 Data sizes:     COMRAM   BANK0   BANK1   BANK2   BANK3   BANK4   BANK5   BANK6   BANK7   BANK8   BANK9  BANK10  BANK11  BANK12  BANK13  BANK14  BANK15
      Params:         0       0       0       0       0       0       0       0       0       0       0       0       0       0       0       0       0
      Locals:         0       0       0       0       0       0       0       0       0       0       0       0       0       0       0       0       0
      Temps:          0       0       0       0       0       0       0       0       0       0       0       0       0       0       0       0       0
      Totals:         0       0       0       0       0       0       0       0       0       0       0       0       0       0       0       0       0
Total ram usage:        0 bytes
 Hardware stack levels used:    1
 Hardware stack levels required when called:    3
 This function calls:
		Nothing
 This function is called by:
		_main
 This function uses a non-reentrant model


 *************** function _InitLCD *****************
 Defined at:
		line 62 in file "Fonctions_Affich.h"
 Parameters:    Size  Location     Type
		None
 Auto vars:     Size  Location     Type
		None
 Return value:  Size  Location     Type
		None               void
 Registers used:
		wreg, status,2, status,0, tblptrl, tblptrh, tblptru, cstack
 Tracked objects:
		On entry : 
		On exit  : 
		Unchanged: 
 Data sizes:     COMRAM   BANK0   BANK1   BANK2   BANK3   BANK4   BANK5   BANK6   BANK7   BANK8   BANK9  BANK10  BANK11  BANK12  BANK13  BANK14  BANK15
      Params:         0       0       0       0       0       0       0       0       0       0       0       0       0       0       0       0       0
      Locals:         0       0       0       0       0       0       0       0       0       0       0       0       0       0       0       0       0
      Temps:          0       0       0       0       0       0       0       0       0       0       0       0       0       0       0       0       0
      Totals:         0       0       0       0       0       0       0       0       0       0       0       0       0       0       0       0       0
Total ram usage:        0 bytes
 Hardware stack levels used:    1
 Hardware stack levels required when called:    8
 This function calls:
		_MessageAccueil
		_tempo_Xms
		_valinstr
 This function is called by:
		_main
 This function uses a non-reentrant model


 *************** function _MessageAccueil *****************
 Defined at:
		line 136 in file "Mode_Affich.h"
 Parameters:    Size  Location     Type
		None
 Auto vars:     Size  Location     Type
		None
 Return value:  Size  Location     Type
		None               void
 Registers used:
		wreg, status,2, status,0, tblptrl, tblptrh, tblptru, cstack
 Tracked objects:
		On entry : 
		On exit  : 
		Unchanged: 
 Data sizes:     COMRAM   BANK0   BANK1   BANK2   BANK3   BANK4   BANK5   BANK6   BANK7   BANK8   BANK9  BANK10  BANK11  BANK12  BANK13  BANK14  BANK15
      Params:         0       0       0       0       0       0       0       0       0       0       0       0       0       0       0       0       0
      Locals:         0       0       0       0       0       0       0       0       0       0       0       0       0       0       0       0       0
      Temps:          0       0       0       0       0       0       0       0       0       0       0       0       0       0       0       0       0
      Totals:         0       0       0       0       0       0       0       0       0       0       0       0       0       0       0       0       0
Total ram usage:        0 bytes
 Hardware stack levels used:    1
 Hardware stack levels required when called:    7
 This function calls:
		_afftext
		_tempo_Xms
		_valinstr
 This function is called by:
		_InitLCD
 This function uses a non-reentrant model


 *************** function _Init *****************
 Defined at:
		line 125 in file "tst_mplabx.c"
 Parameters:    Size  Location     Type
		None
 Auto vars:     Size  Location     Type
		None
 Return value:  Size  Location     Type
		None               void
 Registers used:
		wreg, status,2
 Tracked objects:
		On entry : 
		On exit  : 
		Unchanged: 
 Data sizes:     COMRAM   BANK0   BANK1   BANK2   BANK3   BANK4   BANK5   BANK6   BANK7   BANK8   BANK9  BANK10  BANK11  BANK12  BANK13  BANK14  BANK15
      Params:         0       0       0       0       0       0       0       0       0       0       0       0       0       0       0       0       0
      Locals:         0       0       0       0       0       0       0       0       0       0       0       0       0       0       0       0       0
      Temps:          0       0       0       0       0       0       0       0       0       0       0       0       0       0       0       0       0
      Totals:         0       0       0       0       0       0       0       0       0       0       0       0       0       0       0       0       0
Total ram usage:        0 bytes
 Hardware stack levels used:    1
 Hardware stack levels required when called:    3
 This function calls:
		Nothing
 This function is called by:
		_main
 This function uses a non-reentrant model


 *************** function _DS1621_init *****************
 Defined at:
		line 9 in file "DS1621_Commands.c"
 Parameters:    Size  Location     Type
  data            1    wreg     unsigned char 
  TH              1   26[COMRAM] unsigned char 
  TL              1   27[COMRAM] unsigned char 
 Auto vars:     Size  Location     Type
  data            1   28[COMRAM] unsigned char 
 Return value:  Size  Location     Type
		None               void
 Registers used:
		wreg, status,2, cstack
 Tracked objects:
		On entry : 
		On exit  : 
		Unchanged: 
 Data sizes:     COMRAM   BANK0   BANK1   BANK2   BANK3   BANK4   BANK5   BANK6   BANK7   BANK8   BANK9  BANK10  BANK11  BANK12  BANK13  BANK14  BANK15
      Params:         2       0       0       0       0       0       0       0       0       0       0       0       0       0       0       0       0
      Locals:         1       0       0       0       0       0       0       0       0       0       0       0       0       0       0       0       0
      Temps:          0       0       0       0       0       0       0       0       0       0       0       0       0       0       0       0       0
      Totals:         3       0       0       0       0       0       0       0       0       0       0       0       0       0       0       0       0
Total ram usage:        3 bytes
 Hardware stack levels used:    1
 Hardware stack levels required when called:    5
 This function calls:
		_DS1621_conv
		_i2c_ecrire
		_i2c_restart
		_i2c_start
		_i2c_stop
 This function is called by:
		_main
 This function uses a non-reentrant model


 *************** function _i2c_restart *****************
 Defined at:
		line 64 in file "I2C.h"
 Parameters:    Size  Location     Type
		None
 Auto vars:     Size  Location     Type
		None
 Return value:  Size  Location     Type
		None               void
 Registers used:
		None
 Tracked objects:
		On entry : 
		On exit  : 
		Unchanged: 
 Data sizes:     COMRAM   BANK0   BANK1   BANK2   BANK3   BANK4   BANK5   BANK6   BANK7   BANK8   BANK9  BANK10  BANK11  BANK12  BANK13  BANK14  BANK15
      Params:         0       0       0       0       0       0       0       0       0       0       0       0       0       0       0       0       0
      Locals:         0       0       0       0       0       0       0       0       0       0       0       0       0       0       0       0       0
      Temps:          0       0       0       0       0       0       0       0       0       0       0       0       0       0       0       0       0
      Totals:         0       0       0       0       0       0       0       0       0       0       0       0       0       0       0       0       0
Total ram usage:        0 bytes
 Hardware stack levels used:    1
 Hardware stack levels required when called:    3
 This function calls:
		Nothing
 This function is called by:
		_DS1621_init
		_DS1621_lire2octets
		_DS1621_lire1octets
 This function uses a non-reentrant model


 *************** function _DS1621_conv *****************
 Defined at:
		line 44 in file "DS1621_Commands.c"
 Parameters:    Size  Location     Type
		None
 Auto vars:     Size  Location     Type
		None
 Return value:  Size  Location     Type
		None               void
 Registers used:
		wreg, cstack
 Tracked objects:
		On entry : 
		On exit  : 
		Unchanged: 
 Data sizes:     COMRAM   BANK0   BANK1   BANK2   BANK3   BANK4   BANK5   BANK6   BANK7   BANK8   BANK9  BANK10  BANK11  BANK12  BANK13  BANK14  BANK15
      Params:         0       0       0       0       0       0       0       0       0       0       0       0       0       0       0       0       0
      Locals:         0       0       0       0       0       0       0       0       0       0       0       0       0       0       0       0       0
      Temps:          0       0       0       0       0       0       0       0       0       0       0       0       0       0       0       0       0
      Totals:         0       0       0       0       0       0       0       0       0       0       0       0       0       0       0       0       0
Total ram usage:        0 bytes
 Hardware stack levels used:    1
 Hardware stack levels required when called:    4
 This function calls:
		_i2c_ecrire
		_i2c_start
		_i2c_stop
 This function is called by:
		_DS1621_init
 This function uses a non-reentrant model


 *************** function _Affich_V_Vent_ms *****************
 Defined at:
		line 58 in file "Mode_Affich.h"
 Parameters:    Size  Location     Type
  curs            4    0[BANK0 ] unsigned long 
  tab             2    4[BANK0 ] PTR unsigned char 
		 -> tab(50), 
 Auto vars:     Size  Location     Type
  vent            4   10[BANK0 ] unsigned long 
  vent1           4    6[BANK0 ] unsigned long 
 Return value:  Size  Location     Type
		None               void
 Registers used:
		wreg, fsr2l, fsr2h, status,2, status,0, tblptrl, tblptrh, tblptru, cstack
 Tracked objects:
		On entry : 
		On exit  : 
		Unchanged: 
 Data sizes:     COMRAM   BANK0   BANK1   BANK2   BANK3   BANK4   BANK5   BANK6   BANK7   BANK8   BANK9  BANK10  BANK11  BANK12  BANK13  BANK14  BANK15
      Params:         0       6       0       0       0       0       0       0       0       0       0       0       0       0       0       0       0
      Locals:         0       8       0       0       0       0       0       0       0       0       0       0       0       0       0       0       0
      Temps:          0       0       0       0       0       0       0       0       0       0       0       0       0       0       0       0       0
      Totals:         0      14       0       0       0       0       0       0       0       0       0       0       0       0       0       0       0
Total ram usage:       14 bytes
 Hardware stack levels used:    1
 Hardware stack levels required when called:    7
 This function calls:
		_VitVentms
		_affmotdec
		_afftext
		_tempo_Xms
		_valinstr
 This function is called by:
		_main
 This function uses a non-reentrant model


 *************** function _VitVentms *****************
 Defined at:
		line 103 in file "TX20.h"
 Parameters:    Size  Location     Type
  tab             2   39[COMRAM] PTR unsigned char 
		 -> tab(50), 
 Auto vars:     Size  Location     Type
  Vit             4   47[COMRAM] unsigned long 
 Return value:  Size  Location     Type
                  4   39[COMRAM] unsigned long 
 Registers used:
		wreg, fsr2l, fsr2h, status,2, status,0, cstack
 Tracked objects:
		On entry : 
		On exit  : 
		Unchanged: 
 Data sizes:     COMRAM   BANK0   BANK1   BANK2   BANK3   BANK4   BANK5   BANK6   BANK7   BANK8   BANK9  BANK10  BANK11  BANK12  BANK13  BANK14  BANK15
      Params:         4       0       0       0       0       0       0       0       0       0       0       0       0       0       0       0       0
      Locals:         4       0       0       0       0       0       0       0       0       0       0       0       0       0       0       0       0
      Temps:          4       0       0       0       0       0       0       0       0       0       0       0       0       0       0       0       0
      Totals:        12       0       0       0       0       0       0       0       0       0       0       0       0       0       0       0       0
Total ram usage:       12 bytes
 Hardware stack levels used:    1
 Hardware stack levels required when called:    4
 This function calls:
		_traitementVent
 This function is called by:
		_Affich_V_Vent_ms
 This function uses a non-reentrant model


 *************** function _Affich_V_Vent_kmh *****************
 Defined at:
		line 39 in file "Mode_Affich.h"
 Parameters:    Size  Location     Type
  curs            4    0[BANK0 ] unsigned long 
  tab             2    4[BANK0 ] PTR unsigned char 
		 -> tab(50), 
 Auto vars:     Size  Location     Type
  vent            4   10[BANK0 ] unsigned long 
  vent1           4    6[BANK0 ] unsigned long 
 Return value:  Size  Location     Type
		None               void
 Registers used:
		wreg, fsr2l, fsr2h, status,2, status,0, tblptrl, tblptrh, tblptru, cstack
 Tracked objects:
		On entry : 
		On exit  : 
		Unchanged: 
 Data sizes:     COMRAM   BANK0   BANK1   BANK2   BANK3   BANK4   BANK5   BANK6   BANK7   BANK8   BANK9  BANK10  BANK11  BANK12  BANK13  BANK14  BANK15
      Params:         0       6       0       0       0       0       0       0       0       0       0       0       0       0       0       0       0
      Locals:         0       8       0       0       0       0       0       0       0       0       0       0       0       0       0       0       0
      Temps:          0       0       0       0       0       0       0       0       0       0       0       0       0       0       0       0       0
      Totals:         0      14       0       0       0       0       0       0       0       0       0       0       0       0       0       0       0
Total ram usage:       14 bytes
 Hardware stack levels used:    1
 Hardware stack levels required when called:    7
 This function calls:
		_VitVentkmh
		_affmotdec
		_afftext
		_tempo_Xms
		_valinstr
 This function is called by:
		_main
 This function uses a non-reentrant model


 *************** function _VitVentkmh *****************
 Defined at:
		line 86 in file "TX20.h"
 Parameters:    Size  Location     Type
  tab             2   39[COMRAM] PTR unsigned char 
		 -> tab(50), 
 Auto vars:     Size  Location     Type
  Vit             4   47[COMRAM] unsigned long 
 Return value:  Size  Location     Type
                  4   39[COMRAM] unsigned long 
 Registers used:
		wreg, fsr2l, fsr2h, status,2, status,0, cstack
 Tracked objects:
		On entry : 
		On exit  : 
		Unchanged: 
 Data sizes:     COMRAM   BANK0   BANK1   BANK2   BANK3   BANK4   BANK5   BANK6   BANK7   BANK8   BANK9  BANK10  BANK11  BANK12  BANK13  BANK14  BANK15
      Params:         4       0       0       0       0       0       0       0       0       0       0       0       0       0       0       0       0
      Locals:         4       0       0       0       0       0       0       0       0       0       0       0       0       0       0       0       0
      Temps:          4       0       0       0       0       0       0       0       0       0       0       0       0       0       0       0       0
      Totals:        12       0       0       0       0       0       0       0       0       0       0       0       0       0       0       0       0
Total ram usage:       12 bytes
 Hardware stack levels used:    1
 Hardware stack levels required when called:    4
 This function calls:
		___lmul
		_traitementVent
 This function is called by:
		_Affich_V_Vent_kmh
 This function uses a non-reentrant model


 *************** function ___lmul *****************
 Defined at:
		line 15 in file "D:\Program Files (x86)\Microchip\xc8\v1.33\sources\common\Umul32.c"
 Parameters:    Size  Location     Type
  multiplier      4   25[COMRAM] unsigned long 
  multiplicand    4   29[COMRAM] unsigned long 
 Auto vars:     Size  Location     Type
  product         4   33[COMRAM] unsigned long 
 Return value:  Size  Location     Type
                  4   25[COMRAM] unsigned long 
 Registers used:
		wreg, status,2, status,0
 Tracked objects:
		On entry : 
		On exit  : 
		Unchanged: 
 Data sizes:     COMRAM   BANK0   BANK1   BANK2   BANK3   BANK4   BANK5   BANK6   BANK7   BANK8   BANK9  BANK10  BANK11  BANK12  BANK13  BANK14  BANK15
      Params:         8       0       0       0       0       0       0       0       0       0       0       0       0       0       0       0       0
      Locals:         4       0       0       0       0       0       0       0       0       0       0       0       0       0       0       0       0
      Temps:          0       0       0       0       0       0       0       0       0       0       0       0       0       0       0       0       0
      Totals:        12       0       0       0       0       0       0       0       0       0       0       0       0       0       0       0       0
Total ram usage:       12 bytes
 Hardware stack levels used:    1
 Hardware stack levels required when called:    3
 This function calls:
		Nothing
 This function is called by:
		_VitVentkmh
		_ValeurBufferDec
 This function uses a non-reentrant model


 *************** function _Affich_D_Vent *****************
 Defined at:
		line 79 in file "Mode_Affich.h"
 Parameters:    Size  Location     Type
  curs            4   41[COMRAM] unsigned long 
  tab             2   45[COMRAM] PTR unsigned char 
		 -> tab(50), 
 Auto vars:     Size  Location     Type
  vent            1   48[COMRAM] unsigned char 
  vent1           1   47[COMRAM] unsigned char 
 Return value:  Size  Location     Type
		None               void
 Registers used:
		wreg, fsr2l, fsr2h, status,2, status,0, tblptrl, tblptrh, tblptru, cstack
 Tracked objects:
		On entry : 
		On exit  : 
		Unchanged: 
 Data sizes:     COMRAM   BANK0   BANK1   BANK2   BANK3   BANK4   BANK5   BANK6   BANK7   BANK8   BANK9  BANK10  BANK11  BANK12  BANK13  BANK14  BANK15
      Params:         6       0       0       0       0       0       0       0       0       0       0       0       0       0       0       0       0
      Locals:         2       0       0       0       0       0       0       0       0       0       0       0       0       0       0       0       0
      Temps:          0       0       0       0       0       0       0       0       0       0       0       0       0       0       0       0       0
      Totals:         8       0       0       0       0       0       0       0       0       0       0       0       0       0       0       0       0
Total ram usage:        8 bytes
 Hardware stack levels used:    1
 Hardware stack levels required when called:    7
 This function calls:
		_DirVent
		_afftext
		_tempo_Xms
		_valinstr
 This function is called by:
		_main
 This function uses a non-reentrant model


 *************** function _DirVent *****************
 Defined at:
		line 77 in file "TX20.h"
 Parameters:    Size  Location     Type
  tab             2   39[COMRAM] PTR unsigned char 
		 -> tab(50), 
 Auto vars:     Size  Location     Type
		None
 Return value:  Size  Location     Type
                  1    wreg      unsigned char 
 Registers used:
		wreg, fsr2l, fsr2h, status,2, status,0, cstack
 Tracked objects:
		On entry : 
		On exit  : 
		Unchanged: 
 Data sizes:     COMRAM   BANK0   BANK1   BANK2   BANK3   BANK4   BANK5   BANK6   BANK7   BANK8   BANK9  BANK10  BANK11  BANK12  BANK13  BANK14  BANK15
      Params:         2       0       0       0       0       0       0       0       0       0       0       0       0       0       0       0       0
      Locals:         0       0       0       0       0       0       0       0       0       0       0       0       0       0       0       0       0
      Temps:          0       0       0       0       0       0       0       0       0       0       0       0       0       0       0       0       0
      Totals:         2       0       0       0       0       0       0       0       0       0       0       0       0       0       0       0       0
Total ram usage:        2 bytes
 Hardware stack levels used:    1
 Hardware stack levels required when called:    4
 This function calls:
		_traitementVent
 This function is called by:
		_Affich_D_Vent
 This function uses a non-reentrant model


 *************** function _traitementVent *****************
 Defined at:
		line 60 in file "TX20.h"
 Parameters:    Size  Location     Type
  x               1    wreg     unsigned char 
  y               1   25[COMRAM] unsigned char 
  tab             2   26[COMRAM] PTR unsigned char 
		 -> tab(50), 
  Inv             1   28[COMRAM] unsigned char 
 Auto vars:     Size  Location     Type
  x               1   33[COMRAM] unsigned char 
  i               4   34[COMRAM] unsigned long 
  data            1   38[COMRAM] unsigned char 
 Return value:  Size  Location     Type
                  1    wreg      unsigned char 
 Registers used:
		wreg, fsr2l, fsr2h, status,2, status,0
 Tracked objects:
		On entry : 
		On exit  : 
		Unchanged: 
 Data sizes:     COMRAM   BANK0   BANK1   BANK2   BANK3   BANK4   BANK5   BANK6   BANK7   BANK8   BANK9  BANK10  BANK11  BANK12  BANK13  BANK14  BANK15
      Params:         4       0       0       0       0       0       0       0       0       0       0       0       0       0       0       0       0
      Locals:         6       0       0       0       0       0       0       0       0       0       0       0       0       0       0       0       0
      Temps:          4       0       0       0       0       0       0       0       0       0       0       0       0       0       0       0       0
      Totals:        14       0       0       0       0       0       0       0       0       0       0       0       0       0       0       0       0
Total ram usage:       14 bytes
 Hardware stack levels used:    1
 Hardware stack levels required when called:    3
 This function calls:
		Nothing
 This function is called by:
		_DirVent
		_VitVentkmh
		_VitVentms
 This function uses a non-reentrant model


 *************** function _AffichTemp *****************
 Defined at:
		line 20 in file "Mode_Affich.h"
 Parameters:    Size  Location     Type
  curs            4    0[BANK0 ] unsigned long 
  temp            1    4[BANK0 ] unsigned char 
 Auto vars:     Size  Location     Type
  temp1           1   56[COMRAM] unsigned char 
 Return value:  Size  Location     Type
		None               void
 Registers used:
		wreg, status,2, status,0, tblptrl, tblptrh, tblptru, cstack
 Tracked objects:
		On entry : 
		On exit  : 
		Unchanged: 
 Data sizes:     COMRAM   BANK0   BANK1   BANK2   BANK3   BANK4   BANK5   BANK6   BANK7   BANK8   BANK9  BANK10  BANK11  BANK12  BANK13  BANK14  BANK15
      Params:         0       5       0       0       0       0       0       0       0       0       0       0       0       0       0       0       0
      Locals:         1       0       0       0       0       0       0       0       0       0       0       0       0       0       0       0       0
      Temps:          0       0       0       0       0       0       0       0       0       0       0       0       0       0       0       0       0
      Totals:         1       5       0       0       0       0       0       0       0       0       0       0       0       0       0       0       0
Total ram usage:        6 bytes
 Hardware stack levels used:    1
 Hardware stack levels required when called:    7
 This function calls:
		_affmotdec
		_afftext
		_tempo_Xms
		_valcaract
		_valinstr
 This function is called by:
		_main
 This function uses a non-reentrant model


 *************** function _valinstr *****************
 Defined at:
		line 77 in file "Fonctions_Affich.h"
 Parameters:    Size  Location     Type
  data            1    wreg     unsigned char 
 Auto vars:     Size  Location     Type
  data            1   28[COMRAM] unsigned char 
 Return value:  Size  Location     Type
		None               void
 Registers used:
		wreg, status,2, cstack
 Tracked objects:
		On entry : 
		On exit  : 
		Unchanged: 
 Data sizes:     COMRAM   BANK0   BANK1   BANK2   BANK3   BANK4   BANK5   BANK6   BANK7   BANK8   BANK9  BANK10  BANK11  BANK12  BANK13  BANK14  BANK15
      Params:         0       0       0       0       0       0       0       0       0       0       0       0       0       0       0       0       0
      Locals:         1       0       0       0       0       0       0       0       0       0       0       0       0       0       0       0       0
      Temps:          0       0       0       0       0       0       0       0       0       0       0       0       0       0       0       0       0
      Totals:         1       0       0       0       0       0       0       0       0       0       0       0       0       0       0       0       0
Total ram usage:        1 bytes
 Hardware stack levels used:    1
 Hardware stack levels required when called:    5
 This function calls:
		_i2c_1trame
		_tempo_1ms
 This function is called by:
		_InitLCD
		_AffichTemp
		_Affich_V_Vent_kmh
		_Affich_V_Vent_ms
		_Affich_D_Vent
		_MessageAccueil
		_main
 This function uses a non-reentrant model


 *************** function _tempo_Xms *****************
 Defined at:
		line 178 in file "tst_mplabx.c"
 Parameters:    Size  Location     Type
  time            4   25[COMRAM] long 
 Auto vars:     Size  Location     Type
[...]
      Params:         5       0       0       0       0       0       0       0       0       0       0       0       0       0       0       0       0
      Locals:         9       0       0       0       0       0       0       0       0       0       0       0       0       0       0       0       0
      Temps:          4       0       0       0       0       0       0       0       0       0       0       0       0       0       0       0       0
      Totals:        18       0       0       0       0       0       0       0       0       0       0       0       0       0       0       0       0
Total ram usage:       18 bytes
 Hardware stack levels used:    1
 Hardware stack levels required when called:    6
 This function calls:
		___lldiv
		___llmod
		_valcaract
 This function is called by:
		_AffichTemp
		_Affich_V_Vent_kmh
		_Affich_V_Vent_ms
 This function uses a non-reentrant model


 *************** function _valcaract *****************
 Defined at:
		line 91 in file "Fonctions_Affich.h"
 Parameters:    Size  Location     Type
  data            1    wreg     unsigned char 
 Auto vars:     Size  Location     Type
  data            1   28[COMRAM] unsigned char 
 Return value:  Size  Location     Type
		None               void
 Registers used:
		wreg, status,2, cstack
 Tracked objects:
		On entry : 
		On exit  : 
		Unchanged: 
 Data sizes:     COMRAM   BANK0   BANK1   BANK2   BANK3   BANK4   BANK5   BANK6   BANK7   BANK8   BANK9  BANK10  BANK11  BANK12  BANK13  BANK14  BANK15
      Params:         0       0       0       0       0       0       0       0       0       0       0       0       0       0       0       0       0
      Locals:         1       0       0       0       0       0       0       0       0       0       0       0       0       0       0       0       0
      Temps:          0       0       0       0       0       0       0       0       0       0       0       0       0       0       0       0       0
      Totals:         1       0       0       0       0       0       0       0       0       0       0       0       0       0       0       0       0
Total ram usage:        1 bytes
 Hardware stack levels used:    1
 Hardware stack levels required when called:    5
 This function calls:
		_i2c_1trame
		_tempo_1ms
 This function is called by:
		_afftext
		_affmotdec
		_AffichTemp
		_afftab
		_affoctetdec
		_affoctetbin
		_affoctethexa
		_affmotdecsign
		_affmotbin
		_affmothexa
 This function uses a non-reentrant model


 *************** function _tempo_1ms *****************
 Defined at:
		line 185 in file "tst_mplabx.c"
 Parameters:    Size  Location     Type
		None
 Auto vars:     Size  Location     Type
		None
 Return value:  Size  Location     Type
		None               void
 Registers used:
		wreg, status,2
 Tracked objects:
		On entry : 
		On exit  : 
		Unchanged: 
 Data sizes:     COMRAM   BANK0   BANK1   BANK2   BANK3   BANK4   BANK5   BANK6   BANK7   BANK8   BANK9  BANK10  BANK11  BANK12  BANK13  BANK14  BANK15
      Params:         0       0       0       0       0       0       0       0       0       0       0       0       0       0       0       0       0
      Locals:         0       0       0       0       0       0       0       0       0       0       0       0       0       0       0       0       0
      Temps:          0       0       0       0       0       0       0       0       0       0       0       0       0       0       0       0       0
      Totals:         0       0       0       0       0       0       0       0       0       0       0       0       0       0       0       0       0
Total ram usage:        0 bytes
 Hardware stack levels used:    1
 Hardware stack levels required when called:    3
 This function calls:
		Nothing
 This function is called by:
		_valinstr
		_valcaract
		_tempo_Xms
		_tempo_1ms200us
 This function uses a non-reentrant model


 *************** function _i2c_1trame *****************
 Defined at:
		line 28 in file "I2C.h"
 Parameters:    Size  Location     Type
  i2c_add         1    wreg     unsigned char 
  i2c_octet       1   26[COMRAM] unsigned char 
 Auto vars:     Size  Location     Type
  i2c_add         1   27[COMRAM] unsigned char 
 Return value:  Size  Location     Type
		None               void
 Registers used:
		wreg, status,2, cstack
 Tracked objects:
		On entry : 
		On exit  : 
		Unchanged: 
 Data sizes:     COMRAM   BANK0   BANK1   BANK2   BANK3   BANK4   BANK5   BANK6   BANK7   BANK8   BANK9  BANK10  BANK11  BANK12  BANK13  BANK14  BANK15
      Params:         1       0       0       0       0       0       0       0       0       0       0       0       0       0       0       0       0
      Locals:         1       0       0       0       0       0       0       0       0       0       0       0       0       0       0       0       0
      Temps:          0       0       0       0       0       0       0       0       0       0       0       0       0       0       0       0       0
      Totals:         2       0       0       0       0       0       0       0       0       0       0       0       0       0       0       0       0
Total ram usage:        2 bytes
 Hardware stack levels used:    1
 Hardware stack levels required when called:    4
 This function calls:
		_i2c_ecrire
		_i2c_start
		_i2c_stop
 This function is called by:
		_valinstr
		_valcaract
 This function uses a non-reentrant model


 *************** function _i2c_stop *****************
 Defined at:
		line 71 in file "I2C.h"
 Parameters:    Size  Location     Type
		None
 Auto vars:     Size  Location     Type
		None
 Return value:  Size  Location     Type
		None               void
 Registers used:
		None
 Tracked objects:
		On entry : 
		On exit  : 
		Unchanged: 
 Data sizes:     COMRAM   BANK0   BANK1   BANK2   BANK3   BANK4   BANK5   BANK6   BANK7   BANK8   BANK9  BANK10  BANK11  BANK12  BANK13  BANK14  BANK15
      Params:         0       0       0       0       0       0       0       0       0       0       0       0       0       0       0       0       0
      Locals:         0       0       0       0       0       0       0       0       0       0       0       0       0       0       0       0       0
      Temps:          0       0       0       0       0       0       0       0       0       0       0       0       0       0       0       0       0
      Totals:         0       0       0       0       0       0       0       0       0       0       0       0       0       0       0       0       0
Total ram usage:        0 bytes
 Hardware stack levels used:    1
 Hardware stack levels required when called:    3
 This function calls:
		Nothing
 This function is called by:
		_i2c_1trame
		_DS1621_init
		_DS1621_conv
		_DS1621_lire2octets
		_DS1621_ecrire
		_DS1621_lire1octets
 This function uses a non-reentrant model


 *************** function _i2c_start *****************
 Defined at:
		line 57 in file "I2C.h"
 Parameters:    Size  Location     Type
		None
 Auto vars:     Size  Location     Type
		None
 Return value:  Size  Location     Type
		None               void
 Registers used:
		None
 Tracked objects:
		On entry : 
		On exit  : 
		Unchanged: 
 Data sizes:     COMRAM   BANK0   BANK1   BANK2   BANK3   BANK4   BANK5   BANK6   BANK7   BANK8   BANK9  BANK10  BANK11  BANK12  BANK13  BANK14  BANK15
      Params:         0       0       0       0       0       0       0       0       0       0       0       0       0       0       0       0       0
      Locals:         0       0       0       0       0       0       0       0       0       0       0       0       0       0       0       0       0
      Temps:          0       0       0       0       0       0       0       0       0       0       0       0       0       0       0       0       0
      Totals:         0       0       0       0       0       0       0       0       0       0       0       0       0       0       0       0       0
Total ram usage:        0 bytes
 Hardware stack levels used:    1
 Hardware stack levels required when called:    3
 This function calls:
		Nothing
 This function is called by:
		_i2c_1trame
		_DS1621_init
		_DS1621_conv
		_DS1621_lire2octets
		_DS1621_ecrire
		_DS1621_lire1octets
 This function uses a non-reentrant model


 *************** function _i2c_ecrire *****************
 Defined at:
		line 90 in file "I2C.h"
 Parameters:    Size  Location     Type
  i2c_octet       1    wreg     unsigned char 
 Auto vars:     Size  Location     Type
  i2c_octet       1   25[COMRAM] unsigned char 
 Return value:  Size  Location     Type
		None               void
 Registers used:
		wreg
 Tracked objects:
		On entry : 
		On exit  : 
		Unchanged: 
 Data sizes:     COMRAM   BANK0   BANK1   BANK2   BANK3   BANK4   BANK5   BANK6   BANK7   BANK8   BANK9  BANK10  BANK11  BANK12  BANK13  BANK14  BANK15
      Params:         0       0       0       0       0       0       0       0       0       0       0       0       0       0       0       0       0
      Locals:         1       0       0       0       0       0       0       0       0       0       0       0       0       0       0       0       0
      Temps:          0       0       0       0       0       0       0       0       0       0       0       0       0       0       0       0       0
      Totals:         1       0       0       0       0       0       0       0       0       0       0       0       0       0       0       0       0
Total ram usage:        1 bytes
 Hardware stack levels used:    1
 Hardware stack levels required when called:    3
 This function calls:
		Nothing
 This function is called by:
		_i2c_1trame
		_DS1621_init
		_DS1621_conv
		_DS1621_lire2octets
		_DS1621_ecrire
		_DS1621_lire1octets
 This function uses a non-reentrant model


 *************** function ___llmod *****************
 Defined at:
		line 8 in file "D:\Program Files (x86)\Microchip\xc8\v1.33\sources\common\llmod.c"
 Parameters:    Size  Location     Type
  dividend        4   25[COMRAM] unsigned long 
  divisor         4   29[COMRAM] unsigned long 
 Auto vars:     Size  Location     Type
  counter         1   33[COMRAM] unsigned char 
 Return value:  Size  Location     Type
                  4   25[COMRAM] unsigned long 
 Registers used:
		wreg, status,2, status,0
 Tracked objects:
		On entry : 
		On exit  : 
		Unchanged: 
 Data sizes:     COMRAM   BANK0   BANK1   BANK2   BANK3   BANK4   BANK5   BANK6   BANK7   BANK8   BANK9  BANK10  BANK11  BANK12  BANK13  BANK14  BANK15
      Params:         8       0       0       0       0       0       0       0       0       0       0       0       0       0       0       0       0
      Locals:         1       0       0       0       0       0       0       0       0       0       0       0       0       0       0       0       0
      Temps:          0       0       0       0       0       0       0       0       0       0       0       0       0       0       0       0       0
      Totals:         9       0       0       0       0       0       0       0       0       0       0       0       0       0       0       0       0
Total ram usage:        9 bytes
 Hardware stack levels used:    1
 Hardware stack levels required when called:    3
 This function calls:
		Nothing
 This function is called by:
		_affmotdec
		_affmotdecsign
		_RS232MotDec
 This function uses a non-reentrant model


 *************** function ___lldiv *****************
 Defined at:
		line 8 in file "D:\Program Files (x86)\Microchip\xc8\v1.33\sources\common\lldiv.c"
 Parameters:    Size  Location     Type
  dividend        4   25[COMRAM] unsigned long 
  divisor         4   29[COMRAM] unsigned long 
 Auto vars:     Size  Location     Type
  quotient        4   33[COMRAM] unsigned long 
  counter         1   37[COMRAM] unsigned char 
 Return value:  Size  Location     Type
                  4   25[COMRAM] unsigned long 
 Registers used:
		wreg, status,2, status,0
 Tracked objects:
		On entry : 
		On exit  : 
		Unchanged: 
 Data sizes:     COMRAM   BANK0   BANK1   BANK2   BANK3   BANK4   BANK5   BANK6   BANK7   BANK8   BANK9  BANK10  BANK11  BANK12  BANK13  BANK14  BANK15
      Params:         8       0       0       0       0       0       0       0       0       0       0       0       0       0       0       0       0
      Locals:         5       0       0       0       0       0       0       0       0       0       0       0       0       0       0       0       0
      Temps:          0       0       0       0       0       0       0       0       0       0       0       0       0       0       0       0       0
      Totals:        13       0       0       0       0       0       0       0       0       0       0       0       0       0       0       0       0
Total ram usage:       13 bytes
 Hardware stack levels used:    1
 Hardware stack levels required when called:    3
 This function calls:
		Nothing
 This function is called by:
		_affmotdec
		_affmotdecsign
		_RS232MotDec
 This function uses a non-reentrant model


 *************** function _tc_int *****************
 Defined at:
		line 54 in file "tst_mplabx.c"
 Parameters:    Size  Location     Type
		None
 Auto vars:     Size  Location     Type
		None
 Return value:  Size  Location     Type
		None               void
 Registers used:
		wreg, status,2, status,0, cstack
 Tracked objects:
		On entry : 
		On exit  : 
		Unchanged: 
 Data sizes:     COMRAM   BANK0   BANK1   BANK2   BANK3   BANK4   BANK5   BANK6   BANK7   BANK8   BANK9  BANK10  BANK11  BANK12  BANK13  BANK14  BANK15
      Params:         0       0       0       0       0       0       0       0       0       0       0       0       0       0       0       0       0
      Locals:         0       0       0       0       0       0       0       0       0       0       0       0       0       0       0       0       0
      Temps:         14       0       0       0       0       0       0       0       0       0       0       0       0       0       0       0       0
      Totals:        14       0       0       0       0       0       0       0       0       0       0       0       0       0       0       0       0
Total ram usage:       14 bytes
 Hardware stack levels used:    1
 Hardware stack levels required when called:    2
 This function calls:
		i2_tempo_Xms
 This function is called by:
		Interrupt level 2
 This function uses a non-reentrant model


 *************** function i2_tempo_Xms *****************
 Defined at:
		line 178 in file "tst_mplabx.c"
 Parameters:    Size  Location     Type
  time            4    0[COMRAM] long 
 Auto vars:     Size  Location     Type
  tempo_Xms       2    9[COMRAM] int 
 Return value:  Size  Location     Type
		None               void
 Registers used:
		wreg, status,2, status,0, cstack
 Tracked objects:
		On entry : 
		On exit  : 
		Unchanged: 
 Data sizes:     COMRAM   BANK0   BANK1   BANK2   BANK3   BANK4   BANK5   BANK6   BANK7   BANK8   BANK9  BANK10  BANK11  BANK12  BANK13  BANK14  BANK15
      Params:         4       0       0       0       0       0       0       0       0       0       0       0       0       0       0       0       0
      Locals:         2       0       0       0       0       0       0       0       0       0       0       0       0       0       0       0       0
      Temps:          5       0       0       0       0       0       0       0       0       0       0       0       0       0       0       0       0
      Totals:        11       0       0       0       0       0       0       0       0       0       0       0       0       0       0       0       0
Total ram usage:       11 bytes
 Hardware stack levels used:    1
 Hardware stack levels required when called:    1
 This function calls:
		i2_tempo_1ms
 This function is called by:
		_tc_int
 This function uses a non-reentrant model


 *************** function i2_tempo_1ms *****************
 Defined at:
		line 185 in file "tst_mplabx.c"
 Parameters:    Size  Location     Type
		None
 Auto vars:     Size  Location     Type
		None
 Return value:  Size  Location     Type
		None               void
 Registers used:
		wreg, status,2
 Tracked objects:
		On entry : 
		On exit  : 
		Unchanged: 
 Data sizes:     COMRAM   BANK0   BANK1   BANK2   BANK3   BANK4   BANK5   BANK6   BANK7   BANK8   BANK9  BANK10  BANK11  BANK12  BANK13  BANK14  BANK15
      Params:         0       0       0       0       0       0       0       0       0       0       0       0       0       0       0       0       0
      Locals:         0       0       0       0       0       0       0       0       0       0       0       0       0       0       0       0       0
      Temps:          0       0       0       0       0       0       0       0       0       0       0       0       0       0       0       0       0
      Totals:         0       0       0       0       0       0       0       0       0       0       0       0       0       0       0       0       0
Total ram usage:        0 bytes
 Hardware stack levels used:    1
 This function calls:
		Nothing
 This function is called by:
		i2_tempo_Xms
 This function uses a non-reentrant model



MODULE INFORMATION

Module		Function		Class		Link	Load	Size
DS1621_Commands.c
		_DS1621_init   		CODE           	0D62	0000	78
		_DS1621_conv   		CODE           	1044	0000	22
		_DS1621_lire2oc		CODE           	0E34	0000	64

DS1621_Commands.c estimated size: 164

D:\Program Files (x86)\Microchip\xc8\v1.33\sources\common\lldiv.c
		___lldiv       		CODE           	0AA2	0000	130

D:\Program Files (x86)\Microchip\xc8\v1.33\sources\common\lldiv.c estimated size: 130

D:\Program Files (x86)\Microchip\xc8\v1.33\sources\common\Umul32.c
		___lmul        		CODE           	0CBC	0000	86

D:\Program Files (x86)\Microchip\xc8\v1.33\sources\common\Umul32.c estimated size: 86

TX20.h
		_DirVent       		CODE           	0E74	0000	62
		_VitVentms     		CODE           	0756	0000	260
		_VitVentkmh    		CODE           	061C	0000	314
		_DetectVent    		CODE           	0D12	0000	80
		_traitementVent		CODE           	0C5E	0000	94

TX20.h estimated size: 810

I2C.h
		_i2c_start     		CODE           	10B2	0000	8
		_i2c_restart   		CODE           	10A2	0000	8
		_i2c_1trame    		CODE           	102C	0000	24
		_i2c_ecrire    		CODE           	105A	0000	20
		_i2c_stop      		CODE           	10AA	0000	8
		_i2c_lire      		CODE           	0FA2	0000	40
		_i2c_init      		CODE           	1014	0000	24

I2C.h estimated size: 132

RS232.h
		_InitRS232     		CODE           	0FCA	0000	40

RS232.h estimated size: 40

Fonctions_Affich.h
		_afftext       		CODE           	0F1E	0000	48
		_valcaract     		CODE           	0F78	0000	42
		_valinstr      		CODE           	0F4E	0000	42
		_InitLCD       		CODE           	0A0E	0000	148
		_affmotdec     		CODE           	00BA	0000	602

Fonctions_Affich.h estimated size: 882

shared
		i2_tempo_1ms   		CODE           	1096	0000	12
		i2_tempo_Xms   		CODE           	0DF2	0000	66
		__stringdata   		MEDIUMCONST    	FED9	0000	293
		__initializatio		CODE           	0FF2	0000	24

shared estimated size: 395

tst_mplabx.c
		_tempo_200us   		CODE           	107E	0000	12
		_tempo_Xms     		CODE           	0DB0	0000	66
		_tempo_1ms     		CODE           	108A	0000	12
		_main          		CODE           	04D8	0000	324
		_tc_int        		CODE           	0008	0000	174
		_rafraich      		CODE           	0EEC	0000	50
		_tempo_1ms200us		CODE           	106E	0000	16
		_Init          		CODE           	0EB2	0000	58

tst_mplabx.c estimated size: 712

D:\Program Files (x86)\Microchip\xc8\v1.33\sources\common\llmod.c
		___llmod       		CODE           	0B9A	0000	102

D:\Program Files (x86)\Microchip\xc8\v1.33\sources\common\llmod.c estimated size: 102

Mode_Affich.h
		_Affich_D_Vent 		CODE           	0314	0000	452
		_Affich_V_Vent_		CODE           	085A	0000	218
		_MessageAccueil		CODE           	0C00	0000	94
		_Affich_V_Vent_		CODE           	0934	0000	218
		_AffichTemp    		CODE           	0B24	0000	118

Mode_Affich.h estimated size: 1100

